21:47:10 - faker.factory - DEBUG - Looking for locale `en_US` in provider `faker.providers.address`.
21:47:10 - faker.factory - DEBUG - Provider `faker.providers.address` has been localized to `en_US`.
21:47:10 - faker.factory - DEBUG - Looking for locale `en_US` in provider `faker.providers.automotive`.
21:47:10 - faker.factory - DEBUG - Provider `faker.providers.automotive` has been localized to `en_US`.
21:47:10 - faker.factory - DEBUG - Looking for locale `en_US` in provider `faker.providers.bank`.
21:47:10 - faker.factory - DEBUG - Specified locale `en_US` is not available for provider `faker.providers.bank`. Locale reset to `en_GB` for this provider.
21:47:10 - faker.factory - DEBUG - Looking for locale `en_US` in provider `faker.providers.barcode`.
21:47:10 - faker.factory - DEBUG - Provider `faker.providers.barcode` has been localized to `en_US`.
21:47:10 - faker.factory - DEBUG - Looking for locale `en_US` in provider `faker.providers.color`.
21:47:10 - faker.factory - DEBUG - Provider `faker.providers.color` has been localized to `en_US`.
21:47:10 - faker.factory - DEBUG - Looking for locale `en_US` in provider `faker.providers.company`.
21:47:10 - faker.factory - DEBUG - Provider `faker.providers.company` has been localized to `en_US`.
21:47:10 - faker.factory - DEBUG - Looking for locale `en_US` in provider `faker.providers.credit_card`.
21:47:10 - faker.factory - DEBUG - Provider `faker.providers.credit_card` has been localized to `en_US`.
21:47:10 - faker.factory - DEBUG - Looking for locale `en_US` in provider `faker.providers.currency`.
21:47:10 - faker.factory - DEBUG - Provider `faker.providers.currency` has been localized to `en_US`.
21:47:10 - faker.factory - DEBUG - Looking for locale `en_US` in provider `faker.providers.date_time`.
21:47:10 - faker.factory - DEBUG - Provider `faker.providers.date_time` has been localized to `en_US`.
21:47:10 - faker.factory - DEBUG - Provider `faker.providers.doi` does not feature localization. Specified locale `en_US` is not utilized for this provider.
21:47:10 - faker.factory - DEBUG - Provider `faker.providers.emoji` does not feature localization. Specified locale `en_US` is not utilized for this provider.
21:47:10 - faker.factory - DEBUG - Provider `faker.providers.file` does not feature localization. Specified locale `en_US` is not utilized for this provider.
21:47:10 - faker.factory - DEBUG - Looking for locale `en_US` in provider `faker.providers.geo`.
21:47:10 - faker.factory - DEBUG - Provider `faker.providers.geo` has been localized to `en_US`.
21:47:10 - faker.factory - DEBUG - Looking for locale `en_US` in provider `faker.providers.internet`.
21:47:10 - faker.factory - DEBUG - Provider `faker.providers.internet` has been localized to `en_US`.
21:47:10 - faker.factory - DEBUG - Looking for locale `en_US` in provider `faker.providers.isbn`.
21:47:10 - faker.factory - DEBUG - Provider `faker.providers.isbn` has been localized to `en_US`.
21:47:10 - faker.factory - DEBUG - Looking for locale `en_US` in provider `faker.providers.job`.
21:47:10 - faker.factory - DEBUG - Provider `faker.providers.job` has been localized to `en_US`.
21:47:10 - faker.factory - DEBUG - Looking for locale `en_US` in provider `faker.providers.lorem`.
21:47:10 - faker.factory - DEBUG - Provider `faker.providers.lorem` has been localized to `en_US`.
21:47:10 - faker.factory - DEBUG - Looking for locale `en_US` in provider `faker.providers.misc`.
21:47:10 - faker.factory - DEBUG - Provider `faker.providers.misc` has been localized to `en_US`.
21:47:10 - faker.factory - DEBUG - Looking for locale `en_US` in provider `faker.providers.passport`.
21:47:10 - faker.factory - DEBUG - Provider `faker.providers.passport` has been localized to `en_US`.
21:47:10 - faker.factory - DEBUG - Looking for locale `en_US` in provider `faker.providers.person`.
21:47:10 - faker.factory - DEBUG - Provider `faker.providers.person` has been localized to `en_US`.
21:47:10 - faker.factory - DEBUG - Looking for locale `en_US` in provider `faker.providers.phone_number`.
21:47:10 - faker.factory - DEBUG - Provider `faker.providers.phone_number` has been localized to `en_US`.
21:47:10 - faker.factory - DEBUG - Provider `faker.providers.profile` does not feature localization. Specified locale `en_US` is not utilized for this provider.
21:47:10 - faker.factory - DEBUG - Provider `faker.providers.python` does not feature localization. Specified locale `en_US` is not utilized for this provider.
21:47:10 - faker.factory - DEBUG - Provider `faker.providers.sbn` does not feature localization. Specified locale `en_US` is not utilized for this provider.
21:47:10 - faker.factory - DEBUG - Looking for locale `en_US` in provider `faker.providers.ssn`.
21:47:10 - faker.factory - DEBUG - Provider `faker.providers.ssn` has been localized to `en_US`.
21:47:10 - faker.factory - DEBUG - Provider `faker.providers.user_agent` does not feature localization. Specified locale `en_US` is not utilized for this provider.
